/home/runner/work/Dacia-Knowledge-Base/Dacia-Knowledge-Base/tests/test_configuration_gap_resolution_plan.py:308: ResourceWarning: unclosed file <_io.TextIOWrapper name='/tmp/tmpngerimxs/data/master/configuration_attribute_values.csv' mode='r' encoding='utf-8'>
  rows = list(csv.DictReader(path.open(encoding="utf-8")))
ResourceWarning: Enable tracemalloc to get the object allocation traceback
Building SQLite database: /tmp/tmpekg9k253/dkb.sqlite
Source directory: /home/runner/work/Dacia-Knowledge-Base/Dacia-Knowledge-Base/data/master
  data/master/attribute_categories.csv -> attribute_categories: 30 rows
  data/master/attribute_enum_domains.csv -> attribute_enum_domains: 10 rows
  data/master/attributes.csv -> attributes: 385 rows
  data/master/body_types.csv -> body_types: 8 rows
  data/master/categories.csv -> categories: 15 rows
  data/master/commercial_item_attributes.csv -> commercial_item_attributes: 69 rows
  data/master/commercial_item_configurations.csv -> commercial_item_configurations: 142 rows
  data/master/commercial_items.csv -> commercial_items: 28 rows
  data/master/configuration_attribute_availability.csv -> configuration_attribute_availability: 5770 rows
  data/master/configuration_attribute_value_ranges.csv -> configuration_attribute_value_ranges: 244 rows
  data/master/configuration_attribute_values.csv -> configuration_attribute_values: 3267 rows
  data/master/configuration_cargo_volume_contexts.csv -> configuration_cargo_volume_contexts: 317 rows
  data/master/configuration_prices.csv -> configuration_prices: 126 rows
  data/master/configurations.csv -> configurations: 78 rows
  data/master/currencies.csv -> currencies: 1 rows
  data/master/domains.csv -> domains: 13 rows
  data/master/engines.csv -> engines: 14 rows
  data/master/enums/aspiration_types.csv -> aspiration_types: 5 rows
  data/master/enums/battery_chemistries.csv -> battery_chemistries: 1 rows
  data/master/enums/cargo_compartment_types.csv -> cargo_compartment_types: 3 rows
  data/master/enums/cargo_measurement_bases.csv -> cargo_measurement_bases: 2 rows
  data/master/enums/cargo_seat_states.csv -> cargo_seat_states: 4 rows
  data/master/enums/commercial_item_types.csv -> commercial_item_types: 2 rows
  data/master/enums/context_presence_states.csv -> context_presence_states: 2 rows
  data/master/enums/cylinder_configurations.csv -> cylinder_configurations: 5 rows
  data/master/enums/drive_types.csv -> drive_types: 4 rows
  data/master/enums/emission_standards.csv -> emission_standards: 4 rows
  data/master/enums/engine_types.csv -> engine_types: 6 rows
  data/master/enums/equipment_availability_statuses.csv -> equipment_availability_statuses: 4 rows
  data/master/enums/fuel_types.csv -> fuel_types: 7 rows
  data/master/enums/injection_types.csv -> injection_types: 5 rows
  data/master/enums/recommended_fuels.csv -> recommended_fuels: 6 rows
  data/master/enums/transmission_type.csv -> transmission_type: 8 rows
  data/master/gearboxes.csv -> gearboxes: 7 rows
  data/master/model_engines.csv -> model_engines: 30 rows
  data/master/model_gearboxes.csv -> model_gearboxes: 17 rows
  data/master/models.csv -> models: 19 rows
  data/master/segments.csv -> segments: 6 rows
  data/master/source_configurations.csv -> source_configurations: 233 rows
  data/master/source_models.csv -> source_models: 34 rows
  data/master/source_versions.csv -> source_versions: 63 rows
  data/master/sources.csv -> sources: 27 rows
  data/master/units.csv -> units: 27 rows
  data/master/validation_rules.csv -> validation_rules: 8 rows
  data/master/value_types.csv -> value_types: 7 rows
  data/master/versions.csv -> versions: 19 rows
Database ready: /tmp/tmpekg9k253/dkb.sqlite
Building SQLite database: /tmp/tmpx0i95cu6/reports/test.sqlite
Source directory: /tmp/tmpx0i95cu6/data/master
  data/master/models.csv -> models: 2 rows
Database ready: /tmp/tmpx0i95cu6/reports/test.sqlite
Building SQLite database: /tmp/tmp3o64nxwh/nested/directory/test.sqlite
Source directory: /tmp/tmp3o64nxwh/data/master
  data/master/models.csv -> models: 1 rows
Database ready: /tmp/tmp3o64nxwh/nested/directory/test.sqlite
Building SQLite database: /tmp/tmpamyy1wmd/test.sqlite
Source directory: /tmp/tmpamyy1wmd/data/master
Building SQLite database: /tmp/tmpvc9dda9i/test.sqlite
Source directory: /tmp/tmpvc9dda9i/data/master
  data/master/models.csv -> models: 1 rows
Database ready: /tmp/tmpvc9dda9i/test.sqlite
Configuration comparison bundle
-------------------------------
Selected configurations : 2
Scope groups            : 1
Comparable scopes       : 1
Singleton scopes        : 0
Cross-scope pairs       : none
- sandero_stepway_ecog120_automatic | comparable | configurations=2 | pairs=1 | differences=9
Manifest               : /tmp/tmp5s0aysso/first/comparison-bundle-manifest.json
JSON configuration comparison report written to /tmp/tmpic2qixuh/comparison.json
Configuration comparison
------------------------
As of                  : 2026-06-01
Active configurations  : 2
Pair type filter       : all
Available pairs        : 1
Selected pairs         : 1
Price differences      : 1
Technical differences  : 0
Equipment differences  : 1
CSV difference domain   : all
CSV difference item     : all
CSV difference rows     : 2
Not-comparable states  : 3
HTML configuration comparison report written to /tmp/tmpic2qixuh/comparison.html
JSON configuration shortlist written to /tmp/tmp0nnjfvbq/shortlist.json
Markdown configuration shortlist written to /tmp/tmp0nnjfvbq/shortlist.md
CSV configuration shortlist written to /tmp/tmp0nnjfvbq/shortlist.csv
Configuration shortlist as of 2026-01-01
Matched 2 of 4 active configurations.
- 70000 PLN | Model A Expression | Eco-G 120 | manual | 5 seats | cfg_a
- 90000 PLN | Model A Extreme | Eco-G 120 | automatic | 5 seats | cfg_b
JSON configuration shortlist written to /tmp/tmpq4c765ez/shortlist.json
Interactive HTML configuration shortlist written to /tmp/tmpq4c765ez/shortlist.html
Configuration shortlist as of 2026-01-01
Matched 1 of 4 active configurations.
- 90000 PLN | Model A Extreme | Eco-G 120 | automatic | 5 seats | cfg_b
Building SQLite database: /tmp/tmp5bxs3y_0/dkb.sqlite
Source directory: /home/runner/work/Dacia-Knowledge-Base/Dacia-Knowledge-Base/data/master
  data/master/attribute_categories.csv -> attribute_categories: 30 rows
  data/master/attribute_enum_domains.csv -> attribute_enum_domains: 10 rows
  data/master/attributes.csv -> attributes: 385 rows
  data/master/body_types.csv -> body_types: 8 rows
  data/master/categories.csv -> categories: 15 rows
  data/master/commercial_item_attributes.csv -> commercial_item_attributes: 69 rows
  data/master/commercial_item_configurations.csv -> commercial_item_configurations: 142 rows
  data/master/commercial_items.csv -> commercial_items: 28 rows
  data/master/configuration_attribute_availability.csv -> configuration_attribute_availability: 5770 rows
  data/master/configuration_attribute_value_ranges.csv -> configuration_attribute_value_ranges: 244 rows
  data/master/configuration_attribute_values.csv -> configuration_attribute_values: 3267 rows
  data/master/configuration_cargo_volume_contexts.csv -> configuration_cargo_volume_contexts: 317 rows
  data/master/configuration_prices.csv -> configuration_prices: 126 rows
  data/master/configurations.csv -> configurations: 78 rows
  data/master/currencies.csv -> currencies: 1 rows
  data/master/domains.csv -> domains: 13 rows
  data/master/engines.csv -> engines: 14 rows
  data/master/enums/aspiration_types.csv -> aspiration_types: 5 rows
  data/master/enums/battery_chemistries.csv -> battery_chemistries: 1 rows
  data/master/enums/cargo_compartment_types.csv -> cargo_compartment_types: 3 rows
  data/master/enums/cargo_measurement_bases.csv -> cargo_measurement_bases: 2 rows
  data/master/enums/cargo_seat_states.csv -> cargo_seat_states: 4 rows
  data/master/enums/commercial_item_types.csv -> commercial_item_types: 2 rows
  data/master/enums/context_presence_states.csv -> context_presence_states: 2 rows
  data/master/enums/cylinder_configurations.csv -> cylinder_configurations: 5 rows
  data/master/enums/drive_types.csv -> drive_types: 4 rows
  data/master/enums/emission_standards.csv -> emission_standards: 4 rows
  data/master/enums/engine_types.csv -> engine_types: 6 rows
  data/master/enums/equipment_availability_statuses.csv -> equipment_availability_statuses: 4 rows
  data/master/enums/fuel_types.csv -> fuel_types: 7 rows
  data/master/enums/injection_types.csv -> injection_types: 5 rows
  data/master/enums/recommended_fuels.csv -> recommended_fuels: 6 rowsERROR: git push -u origin tooling/test failed with exit code 1
Handoff: /tmp/dkb-publish-_jit0pd4/output/handoff.json
ERROR: package-finish failed with exit code 7
Handoff: /tmp/dkb-publish-8f5v0iyv/output/handoff.json
ERROR: package-publish requires an empty staging area before start: ['extra.txt']
Handoff: /tmp/dkb-publish-1o3k7x9v/output/handoff.json
ERROR: working tree path manifest differs
expected: ['tools/example.py']
actual:   ['extra.txt', 'tools/example.py']
Handoff: /tmp/dkb-publish-kpcfyqr4/output/handoff.json

  data/master/enums/transmission_type.csv -> transmission_type: 8 rows
  data/master/gearboxes.csv -> gearboxes: 7 rows
  data/master/model_engines.csv -> model_engines: 30 rows
  data/master/model_gearboxes.csv -> model_gearboxes: 17 rows
  data/master/models.csv -> models: 19 rows
  data/master/segments.csv -> segments: 6 rows
  data/master/source_configurations.csv -> source_configurations: 233 rows
  data/master/source_models.csv -> source_models: 34 rows
  data/master/source_versions.csv -> source_versions: 63 rows
  data/master/sources.csv -> sources: 27 rows
  data/master/units.csv -> units: 27 rows
  data/master/validation_rules.csv -> validation_rules: 8 rows
  data/master/value_types.csv -> value_types: 7 rows
  data/master/versions.csv -> versions: 19 rows
Database ready: /tmp/tmp5bxs3y_0/dkb.sqlite
Cross-model comparison view
---------------------------
Model families        : 5
Reporting scopes      : 20
Active configurations : 78
Within-scope pairs    : 129
Cross-scope pairs     : none
CSV files checked : 1
Already UTF-8     : 1
Windows-1250      : 0
Unreadable        : 0

Converted 0 file(s) to UTF-8.

===== PACKAGE PUBLISH =====
Branch : tooling/test
Base   : c4f0c78eb6e50f8474e7e1200907677168311ab4
Subject: tooling: publish test
Files  : 1
Mode   : precommit
Quality receipt: PASS (298 tests)

===== STAGING =====
Staged paths: 1

===== COMMIT =====
Commit: 19d4eb92aa92a90cb422455587c2513ad4864f07

===== PACKAGE FINISH =====

===== PACKAGE FINISH =====
Branch : tooling/test
Base   : c4f0c78eb6e50f8474e7e1200907677168311ab4
HEAD   : 19d4eb92aa92a90cb422455587c2513ad4864f07
Commits: 1
Files  : 1
Subject: tooling: publish test
Manifest: PASS

===== COMMITS =====
19d4eb9 (HEAD -> tooling/test) tooling: publish test

===== CHANGED PATHS =====
tools/example.py

===== DIFF STAT =====
tools/example.py | 1 +
 1 file changed, 1 insertion(+)

===== PUSH =====
Upstream: not configured
Command : git push -u origin tooling/test

===== PACKAGE FINISH CHECK =====
PASS

===== PUSH =====
Remote HEAD: 19d4eb92aa92a90cb422455587c2513ad4864f07

===== COMPLETE =====
Handoff: /tmp/dkb-publish-mj_shef2/output/handoff.json
PASS

===== PACKAGE PUBLISH =====
Branch : tooling/test
Base   : c4f0c78eb6e50f8474e7e1200907677168311ab4
Subject: tooling: publish test
Files  : 1
Mode   : precommit
Quality receipt: PASS (298 tests)

===== STAGING =====
Staged paths: 1

===== COMMIT =====
Commit: 19d4eb92aa92a90cb422455587c2513ad4864f07

===== PACKAGE FINISH =====

===== PACKAGE FINISH =====
Branch : tooling/test
Base   : c4f0c78eb6e50f8474e7e1200907677168311ab4
HEAD   : 19d4eb92aa92a90cb422455587c2513ad4864f07
Commits: 1
Files  : 1
Subject: tooling: publish test
Manifest: PASS

===== COMMITS =====
19d4eb9 (HEAD -> tooling/test) tooling: publish test

===== CHANGED PATHS =====
tools/example.py

===== DIFF STAT =====
tools/example.py | 1 +
 1 file changed, 1 insertion(+)

===== PUSH =====
Upstream: not configured
Command : git push -u origin tooling/test

===== PACKAGE FINISH CHECK =====
PASS

===== PUSH =====

===== FAIL =====

===== PACKAGE PUBLISH =====
Branch : tooling/test
Base   : c4f0c78eb6e50f8474e7e1200907677168311ab4
Subject: tooling: publish test
Files  : 1
Mode   : precommit
Quality receipt: PASS (298 tests)

===== STAGING =====
Staged paths: 1

===== COMMIT =====
Commit: 19d4eb92aa92a90cb422455587c2513ad4864f07

===== PACKAGE FINISH =====

===== FAIL =====

===== PACKAGE PUBLISH =====
Branch : tooling/test
Base   : ed35057da928f4f5582f9c38cf5890bf0438fb0a
Subject: tooling: publish test
Files  : 1
Mode   : precommit
Quality receipt: PASS (298 tests)

===== STAGING =====
Staged paths: 1

===== COMMIT =====
Commit: 86d5a512fdfcfe4248d45d86512344df97cac74d

===== PACKAGE FINISH =====

===== PACKAGE FINISH =====
Branch : tooling/test
Base   : ed35057da928f4f5582f9c38cf5890bf0438fb0a
HEAD   : 86d5a512fdfcfe4248d45d86512344df97cac74d
Commits: 1
Files  : 1
Subject: tooling: publish test
Manifest: PASS

===== COMMITS =====
86d5a51 (HEAD -> tooling/test) tooling: publish test

===== CHANGED PATHS =====
tools/example.py

===== DIFF STAT =====
tools/example.py | 1 +
 1 file changed, 1 insertion(+)

===== PUSH =====
Upstream: not configured
Command : git push -u origin tooling/test

===== PACKAGE FINISH CHECK =====
PASS

===== COMPLETE =====
Handoff: /tmp/dkb-publish-bec8975d/output/handoff.json
PASS

===== PACKAGE PUBLISH =====
Branch : tooling/test
Base   : ed35057da928f4f5582f9c38cf5890bf0438fb0a
Subject: tooling: publish test
Files  : 1
Mode   : precommit
Quality receipt rejected: receipt field differs: branch

===== FULL QUALITY LOG =====
Quality receipt created: PASS (298 tests)

===== STAGING =====
Staged paths: 1

===== COMMIT =====
Commit: 86d5a512fdfcfe4248d45d86512344df97cac74d

===== PACKAGE FINISH =====

===== PACKAGE FINISH =====
Branch : tooling/test
Base   : ed35057da928f4f5582f9c38cf5890bf0438fb0a
HEAD   : 86d5a512fdfcfe4248d45d86512344df97cac74d
Commits: 1
Files  : 1
Subject: tooling: publish test
Manifest: PASS

===== COMMITS =====
86d5a51 (HEAD -> tooling/test) tooling: publish test

===== CHANGED PATHS =====
tools/example.py

===== DIFF STAT =====
tools/example.py | 1 +
 1 file changed, 1 insertion(+)

===== PUSH =====
Upstream: not configured
Command : git push -u origin tooling/test

===== PACKAGE FINISH CHECK =====
PASS

===== COMPLETE =====
Handoff: /tmp/dkb-publish-s9d61d26/output/handoff.json
PASS

===== PACKAGE PUBLISH =====
Branch : tooling/test
Base   : ed35057da928f4f5582f9c38cf5890bf0438fb0a
Subject: tooling: publish test
Files  : 1
Mode   : precommit
Quality receipt: PASS (298 tests)

===== STAGING =====
Staged paths: 1

===== COMMIT =====
Commit: 86d5a512fdfcfe4248d45d86512344df97cac74d

===== PACKAGE FINISH =====

===== PACKAGE FINISH =====
Branch : tooling/test
Base   : ed35057da928f4f5582f9c38cf5890bf0438fb0a
HEAD   : 86d5a512fdfcfe4248d45d86512344df97cac74d
Commits: 1
Files  : 1
Subject: tooling: publish test
Manifest: PASS

===== COMMITS =====
86d5a51 (HEAD -> tooling/test) tooling: publish test

===== CHANGED PATHS =====
tools/example.py

===== DIFF STAT =====
tools/example.py | 1 +
 1 file changed, 1 insertion(+)

===== PUSH =====
Upstream: not configured
Command : git push -u origin tooling/test

===== PACKAGE FINISH CHECK =====
PASS

===== COMPLETE =====
Handoff: /tmp/dkb-publish-qz8tsabl/output/handoff.json
PASS

===== PACKAGE PUBLISH =====
Branch : tooling/test
Base   : ed35057da928f4f5582f9c38cf5890bf0438fb0a
Subject: tooling: publish test
Files  : 1

===== FAIL =====

===== PACKAGE PUBLISH =====
Branch : tooling/test
Base   : ed35057da928f4f5582f9c38cf5890bf0438fb0a
Subject: tooling: publish test
Files  : 1

===== FAIL =====

===== PACKAGE PUBLISH =====
Branch : tooling/test
Base   : ed35057da928f4f5582f9c38cf5890bf0438fb0a
Subject: tooling: publish test
Files  : 1
Mode   : precommit
Quality receipt: PASS (298 tests)

===== STAGING =====
Staged paths: 1

===== COMMIT =====
Commit: 86d5a512fdfcfe4248d45d86512344df97cac74d

===== PACKAGE FINISH =====

===== PACKAGE FINISH =====
Branch : tooling/test
Base   : ed35057da928f4f5582f9c38cf5890bf0438fb0a
HEAD   : 86d5a512fdfcfe4248d45d86512344df97cac74d
Commits: 1
Files  : 1
Subject: tooling: publish test
Manifest: PASS

===== COMMITS =====
86d5a51 (HEAD -> tooling/test) tooling: publish test

===== CHANGED PATHS =====
tools/example.py

===== DIFF STAT =====
tools/example.py | 1 +
 1 file changed, 1 insertion(+)

===== PUSH =====
Upstream: not configured
Command : git push -u origin tooling/test

===== PACKAGE FINISH CHECK =====
PASS

===== COMPLETE =====
Handoff: /tmp/dkb-publish-31njl0mb/output/handoff.json
PASS

===== PACKAGE PUBLISH =====
Branch : tooling/test
Base   : ed35057da928f4f5582f9c38cf5890bf0438fb0a
Subject: tooling: publish test
Files  : 1
Mode   : precommit
Quality receipt: PASS (298 tests)

===== STAGING =====
Staged paths: 1

===== COMMIT =====
Commit: 86d5a512fdfcfe4248d45d86512344df97cac74d

===== PACKAGE FINISH =====

===== PACKAGE FINISH =====
Branch : tooling/test
Base   : ed35057da928f4f5582f9c38cf5890bf0438fb0a
HEAD   : 86d5a512fdfcfe4248d45d86512344df97cac74d
Commits: 1
Files  : 1
Subject: tooling: publish test
Manifest: PASS

===== COMMITS =====
86d5a51 (HEAD -> tooling/test) tooling: publish test

===== CHANGED PATHS =====
tools/example.py

===== DIFF STAT =====
tools/example.py | 1 +
 1 file changed, 1 insertion(+)

===== PUSH =====
Upstream: not configured
Command : git push -u origin tooling/test

===== PACKAGE FINISH CHECK =====
PASS
From /home/runner/work/Dacia-Knowledge-Base/dkb-workflow-test-2qzi142a/remote
 * branch            main       -> FETCH_HEAD
Already up to date.
Switched to a new branch 'tooling/test'
From /home/runner/work/Dacia-Knowledge-Base/dkb-workflow-test-0pzc8ypi/remote
 * branch            main       -> FETCH_HEAD
Already up to date.
Switched to a new branch 'tooling/test'
From /home/runner/work/Dacia-Knowledge-Base/dkb-workflow-test-t0l0ko8a/remote
 * branch            main       -> FETCH_HEAD
Already up to date.
Switched to a new branch 'tooling/test'
From /home/runner/work/Dacia-Knowledge-Base/dkb-workflow-test-qtcu58yi/remote
 * branch            main       -> FETCH_HEAD
Already up to date.
Switched to a new branch 'tooling/test'
From /home/runner/work/Dacia-Knowledge-Base/dkb-workflow-test-h00gskyv/remote
 * branch            main       -> FETCH_HEAD
Already up to date.
Switched to a new branch 'tooling/test'
From /home/runner/work/Dacia-Knowledge-Base/dkb-workflow-test-k5884ojk/remote
 * branch            main       -> FETCH_HEAD
Already up to date.
Switched to a new branch 'tooling/test'
From /home/runner/work/Dacia-Knowledge-Base/dkb-workflow-test-tavl9owk/remote
 * branch            main       -> FETCH_HEAD
Already up to date.
Switched to a new branch 'tooling/test'
From /home/runner/work/Dacia-Knowledge-Base/dkb-workflow-test-3_g1wk3v/remote
 * branch            main       -> FETCH_HEAD
Already up to date.
Switched to a new branch 'tooling/test'
From /home/runner/work/Dacia-Knowledge-Base/dkb-workflow-test-d1pgo6tq/remote
 * branch            main       -> FETCH_HEAD
Already up to date.
Switched to a new branch 'tooling/test'
From /home/runner/work/Dacia-Knowledge-Base/dkb-workflow-test-q1et0zyf/remote
 * branch            main       -> FETCH_HEAD
Already up to date.
Switched to a new branch 'tooling/test'
From /home/runner/work/Dacia-Knowledge-Base/dkb-workflow-test-1f8jkwaf/remote
 * branch            main       -> FETCH_HEAD
Already up to date.
Switched to a new branch 'tooling/test'
From /home/runner/work/Dacia-Knowledge-Base/dkb-workflow-test-ey5ivv41/remote
 * branch            main       -> FETCH_HEAD
Already up to date.
Switched to a new branch 'tooling/test'
From /home/runner/work/Dacia-Knowledge-Base/dkb-workflow-test-j6qj13_h/remote
 * branch            main       -> FETCH_HEAD
Already up to date.
Switched to a new branch 'tooling/test'
From /home/runner/work/Dacia-Knowledge-Base/dkb-workflow-test-l22tt9f4/remote
 * branch            main       -> FETCH_HEAD
Already up to date.
Switched to a new branch 'tooling/test'
From /home/runner/work/Dacia-Knowledge-Base/dkb-workflow-test-6u98ah3v/remote
 * branch            main       -> FETCH_HEAD
Already up to date.
Switched to a new branch 'tooling/test'
From /home/runner/work/Dacia-Knowledge-Base/dkb-workflow-test-jw9p1_xd/remote
 * branch            main       -> FETCH_HEAD
Already up to date.
Switched to a new branch 'tooling/test'
From /home/runner/work/Dacia-Knowledge-Base/dkb-workflow-test-cf43xopz/remote
 * branch            main       -> FETCH_HEAD
Already up to date.
Switched to a new branch 'tooling/workflow-test'
From /home/runner/work/Dacia-Knowledge-Base/dkb-workflow-test-nrwi_fqy/remote
 * branch            main       -> FETCH_HEAD
Already up to date.
==> First: FAIL
boom\n
Quality checks failed at: First (exit code 5). Full log: /tmp/tmp15acdi2o/quality.log

===== COMPLETE =====
Handoff: /tmp/dkb-publish-6iwatxvw/output/handoff.json
PASS

===== PACKAGE PUBLISH =====
Branch : tooling/test
Base   : ed35057da928f4f5582f9c38cf5890bf0438fb0a
Subject: tooling: publish test
Files  : 1
Mode   : committed
Quality receipt: PASS (298 tests)
Existing package commit reused: 86d5a512fdfcfe4248d45d86512344df97cac74d

===== PACKAGE FINISH =====

===== PACKAGE FINISH =====
Branch : tooling/test
Base   : ed35057da928f4f5582f9c38cf5890bf0438fb0a
HEAD   : 86d5a512fdfcfe4248d45d86512344df97cac74d
Commits: 1
Files  : 1
Subject: tooling: publish test
Manifest: PASS

===== COMMITS =====
86d5a51 (HEAD -> tooling/test) tooling: publish test

===== CHANGED PATHS =====
tools/example.py

===== DIFF STAT =====
tools/example.py | 1 +
 1 file changed, 1 insertion(+)

===== PUSH =====
Upstream: not configured
Command : git push -u origin tooling/test

===== PACKAGE FINISH CHECK =====
PASS

===== COMPLETE =====
Handoff: /tmp/dkb-publish-6iwatxvw/output/handoff.json
PASS

==> Broken
ERROR: SQLite database does not exist: /tmp/tmpnsahqo66/missing.sqlite
======================================================================
ERROR: setUpClass (test_data_product_release.DataProductReleaseTests)
----------------------------------------------------------------------
Traceback (most recent call last):
  File "/home/runner/work/Dacia-Knowledge-Base/Dacia-Knowledge-Base/tests/test_data_product_release.py", line 48, in setUpClass
    cls.manifest = create_release_assets(
                   ^^^^^^^^^^^^^^^^^^^^^^
  File "/home/runner/work/Dacia-Knowledge-Base/Dacia-Knowledge-Base/tools/reporting/data_product_release.py", line 248, in create_release_assets
    raise ReleaseError(
reporting.data_product_release_model.ReleaseError: complete release bundle must contain 19 independent scopes

======================================================================
FAIL: test_model_receipt_advances_to_duster (test_bigster_chassis_20260726.BigsterChassisTests.test_model_receipt_advances_to_duster)
----------------------------------------------------------------------
Traceback (most recent call last):
  File "/home/runner/work/Dacia-Knowledge-Base/Dacia-Knowledge-Base/tests/test_bigster_chassis_20260726.py", line 145, in test_model_receipt_advances_to_duster
    self.assertEqual(completed.returncode, 0, completed.stderr or completed.stdout)
AssertionError: 1 != 0 : ERROR: expected eighty-eight modeled scalar chassis observations


======================================================================
FAIL: test_all_four_importers_reproduce_current_contract (test_brochure_cargo_import_closure_review.BrochureCargoImportClosureReviewTests.test_all_four_importers_reproduce_current_contract) (importer='tools/import_sandero_stepway_brochure_cargo_20260725.py')
----------------------------------------------------------------------
Traceback (most recent call last):
  File "/home/runner/work/Dacia-Knowledge-Base/Dacia-Knowledge-Base/tests/test_brochure_cargo_import_closure_review.py", line 106, in test_all_four_importers_reproduce_current_contract
    self.assertEqual(completed.returncode, 0, completed.stdout + completed.stderr)
AssertionError: 1 != 0 : ERROR: expected nine Sandero configurations


======================================================================
FAIL: test_closure_receipt_matches_master_totals_by_source (test_brochure_cargo_import_closure_review.BrochureCargoImportClosureReviewTests.test_closure_receipt_matches_master_totals_by_source)
----------------------------------------------------------------------
Traceback (most recent call last):
  File "/home/runner/work/Dacia-Knowledge-Base/Dacia-Knowledge-Base/tests/test_brochure_cargo_import_closure_review.py", line 74, in test_closure_receipt_matches_master_totals_by_source
    self.assertEqual(value_counts[source], values, source)
AssertionError: 35 != 20 : src_pl_sandero_brochure_20260202

======================================================================
FAIL: test_every_brochure_value_has_one_exact_context (test_brochure_cargo_import_closure_review.BrochureCargoImportClosureReviewTests.test_every_brochure_value_has_one_exact_context)
----------------------------------------------------------------------
Traceback (most recent call last):
  File "/home/runner/work/Dacia-Knowledge-Base/Dacia-Knowledge-Base/tests/test_brochure_cargo_import_closure_review.py", line 84, in test_every_brochure_value_has_one_exact_context
    self.assertEqual(len({row["configuration_attribute_value_code"] for row in contexts}), 287)
AssertionError: 317 != 287

======================================================================
FAIL: test_verifier_and_project_state_are_complete (test_brochure_chassis_measurement_context_modeling_20260726.BrochureChassisMeasurementContextModelTests.test_verifier_and_project_state_are_complete)
----------------------------------------------------------------------
Traceback (most recent call last):
  File "/home/runner/work/Dacia-Knowledge-Base/Dacia-Knowledge-Base/tests/test_brochure_chassis_measurement_context_modeling_20260726.py", line 134, in test_verifier_and_project_state_are_complete
    self.assertEqual(completed.returncode, 0, completed.stderr or completed.stdout)
AssertionError: 1 != 0 : ERROR: expected eighty-eight modeled scalar chassis observations


======================================================================
FAIL: test_closure_verifier_and_all_import_receipts_pass (test_brochure_chassis_modeling_closure_review.BrochureChassisModelingClosureReviewTests.test_closure_verifier_and_all_import_receipts_pass)
----------------------------------------------------------------------
Traceback (most recent call last):
  File "/home/runner/work/Dacia-Knowledge-Base/Dacia-Knowledge-Base/tests/test_brochure_chassis_modeling_closure_review.py", line 166, in test_closure_verifier_and_all_import_receipts_pass
    self.assertEqual(completed.returncode, 0, completed.stderr or completed.stdout)
AssertionError: 2 != 0 : usage: review_brochure_chassis_modeling_closure_20260726.py [-h] --check
review_brochure_chassis_modeling_closure_20260726.py: error: expected exactly 277 chassis scalar values


======================================================================
FAIL: test_exact_scalar_counts_ids_sources_and_configurations (test_brochure_chassis_modeling_closure_review.BrochureChassisModelingClosureReviewTests.test_exact_scalar_counts_ids_sources_and_configurations)
----------------------------------------------------------------------
Traceback (most recent call last):
  File "/home/runner/work/Dacia-Knowledge-Base/Dacia-Knowledge-Base/tests/test_brochure_chassis_modeling_closure_review.py", line 85, in test_exact_scalar_counts_ids_sources_and_configurations
    self.assertEqual([int(row["id"]) for row in self.scalar], list(range(2291, 2568)))
AssertionError: Lists differ: [2291[1651 chars] 2567, 2975, 2979, 2980, 2981, 2982, 3028, 303[135 chars]3248] != [2291[1651 chars] 2567]

First list contains 30 additional elements.
First extra element 277:
2975

Diff is 2792 characters long. Set self.maxDiff to None to see it.

======================================================================
FAIL: test_closure_receipt_matches_exact_source_and_context_totals (test_brochure_gear_performance_import_closure_review.BrochureGearPerformanceImportClosureReviewTests.test_closure_receipt_matches_exact_source_and_context_totals)
----------------------------------------------------------------------
Traceback (most recent call last):
  File "/home/runner/work/Dacia-Knowledge-Base/Dacia-Knowledge-Base/tests/test_brochure_gear_performance_import_closure_review.py", line 51, in test_closure_receipt_matches_exact_source_and_context_totals
    self.assertEqual(Counter(row["source_code"] for row in self.values), Counter(SOURCES))
AssertionError: Count[68 chars]rochure_20260202': 31, 'src_pl_sandero_brochure_20260202': 22}) != Count[68 chars]rochure_20260202': 22, 'src_pl_sandero_brochure_20260202': 16})

======================================================================
FAIL: test_closure_verifier_reproduces_repository_contract (test_brochure_gear_performance_import_closure_review.BrochureGearPerformanceImportClosureReviewTests.test_closure_verifier_reproduces_repository_contract)
----------------------------------------------------------------------
Traceback (most recent call last):
  File "/home/runner/work/Dacia-Knowledge-Base/Dacia-Knowledge-Base/tests/test_brochure_gear_performance_import_closure_review.py", line 109, in test_closure_verifier_reproduces_repository_contract
    self.assertEqual(completed.returncode, 0, completed.stderr or completed.stdout)
AssertionError: 2 != 0 : usage: review_brochure_gear_performance_import_closure_20260726.py
       [-h] --check
review_brochure_gear_performance_import_closure_20260726.py: error: expected exactly 70 reviewed values


======================================================================
FAIL: test_exact_configuration_scope_preserves_jogger_layouts (test_brochure_gear_performance_import_closure_review.BrochureGearPerformanceImportClosureReviewTests.test_exact_configuration_scope_preserves_jogger_layouts)
----------------------------------------------------------------------
Traceback (most recent call last):
  File "/home/runner/work/Dacia-Knowledge-Base/Dacia-Knowledge-Base/tests/test_brochure_gear_performance_import_closure_review.py", line 58, in test_exact_configuration_scope_preserves_jogger_layouts
    self.assertEqual(sum(code.startswith("sandero_iii_") for code in configurations), 4)
AssertionError: 7 != 4

======================================================================
FAIL: test_declarative_import_contract_is_idempotent (test_brochure_gear_performance_values_20260726.BrochureGearPerformanceValueTests.test_declarative_import_contract_is_idempotent)
----------------------------------------------------------------------
Traceback (most recent call last):
  File "/home/runner/work/Dacia-Knowledge-Base/Dacia-Knowledge-Base/tests/test_brochure_gear_performance_values_20260726.py", line 114, in test_declarative_import_contract_is_idempotent
    self.assertEqual(result.returncode, 0, result.stderr or result.stdout)
AssertionError: 2 != 0 : usage: import_brochure_gear_performance_20260726.py [-h] (--apply | --check)
import_brochure_gear_performance_20260726.py: error: master data does not contain exactly 70 reviewed observations


======================================================================
FAIL: test_exact_ids_counts_and_observation_identity (test_brochure_gear_performance_values_20260726.BrochureGearPerformanceValueTests.test_exact_ids_counts_and_observation_identity)
----------------------------------------------------------------------
Traceback (most recent call last):
  File "/home/runner/work/Dacia-Knowledge-Base/Dacia-Knowledge-Base/tests/test_brochure_gear_performance_values_20260726.py", line 38, in test_exact_ids_counts_and_observation_identity
    self.assertEqual([int(row["id"]) for row in self.rows], list(range(2119, 2189)))
AssertionError: Lists differ: [2119[409 chars] 2188, 2972, 2973, 3025, 3026, 3078, 3079, 313[45 chars]3239] != [2119[409 chars] 2188]

First list contains 15 additional elements.
First extra element 70:
2972

Diff is 794 characters long. Set self.maxDiff to None to see it.

======================================================================
FAIL: test_source_fuel_gear_and_model_distributions (test_brochure_gear_performance_values_20260726.BrochureGearPerformanceValueTests.test_source_fuel_gear_and_model_distributions)
----------------------------------------------------------------------
Traceback (most recent call last):
  File "/home/runner/work/Dacia-Knowledge-Base/Dacia-Knowledge-Base/tests/test_brochure_gear_performance_values_20260726.py", line 47, in test_source_fuel_gear_and_model_distributions
    self.assertEqual(
AssertionError: Count[68 chars]rochure_20260202': 31, 'src_pl_sandero_brochure_20260202': 22}) != Count[68 chars]rochure_20260202': 22, 'src_pl_sandero_brochure_20260202': 16})

======================================================================
FAIL: test_importer_mapping_receipt_and_deferrals_pass (test_brochure_generic_dimensions_import_20260726.BrochureGenericDimensionsImportTests.test_importer_mapping_receipt_and_deferrals_pass)
----------------------------------------------------------------------
Traceback (most recent call last):
  File "/home/runner/work/Dacia-Knowledge-Base/Dacia-Knowledge-Base/tests/test_brochure_generic_dimensions_import_20260726.py", line 184, in test_importer_mapping_receipt_and_deferrals_pass
    self.assertEqual(mapped.returncode, 0, mapped.stderr or mapped.stdout)
AssertionError: 2 != 0 : usage: review_brochure_generic_dimensions_semantic_mapping_20260726.py
       [-h] --check
review_brochure_generic_dimensions_semantic_mapping_20260726.py: error: active Sandero count differs


======================================================================
FAIL: test_closure_verifier_reproduces_repository_contract (test_brochure_generic_dimensions_import_closure_review.BrochureGenericDimensionsImportClosureReviewTests.test_closure_verifier_reproduces_repository_contract)
----------------------------------------------------------------------
Traceback (most recent call last):
  File "/home/runner/work/Dacia-Knowledge-Base/Dacia-Knowledge-Base/tests/test_brochure_generic_dimensions_import_closure_review.py", line 270, in test_closure_verifier_reproduces_repository_contract
    self.assertEqual(
AssertionError: 1 != 0 : ERROR: checker failed: review_brochure_generic_dimensions_semantic_mapping_20260726.py: usage: review_brochure_generic_dimensions_semantic_mapping_20260726.py
       [-h] --check
review_brochure_generic_dimensions_semantic_mapping_20260726.py: error: active Sandero count differs



======================================================================
FAIL: test_source_relationships_define_thirty_six_import_targets (test_brochure_generic_dimensions_semantic_mapping_review.BrochureGenericDimensionsSemanticMappingReviewTests.test_source_relationships_define_thirty_six_import_targets)
----------------------------------------------------------------------
Traceback (most recent call last):
  File "/home/runner/work/Dacia-Knowledge-Base/Dacia-Knowledge-Base/tests/test_brochure_generic_dimensions_semantic_mapping_review.py", line 116, in test_source_relationships_define_thirty_six_import_targets
    self.assertEqual(counts, Counter({
AssertionError: Count[63 chars]brochure_20251020': 10, 'src_pl_sandero_brochure_20260202': 7}) != Count[63 chars]brochure_20251020': 10, 'src_pl_sandero_brochure_20260202': 4})

======================================================================
FAIL: test_verifier_and_project_state_complete_review (test_brochure_generic_dimensions_semantic_mapping_review.BrochureGenericDimensionsSemanticMappingReviewTests.test_verifier_and_project_state_complete_review)
----------------------------------------------------------------------
Traceback (most recent call last):
  File "/home/runner/work/Dacia-Knowledge-Base/Dacia-Knowledge-Base/tests/test_brochure_generic_dimensions_semantic_mapping_review.py", line 176, in test_verifier_and_project_state_complete_review
    self.assertEqual(completed.returncode, 0, completed.stderr or completed.stdout)
AssertionError: 2 != 0 : usage: review_brochure_generic_dimensions_semantic_mapping_20260726.py
       [-h] --check
review_brochure_generic_dimensions_semantic_mapping_20260726.py: error: active Sandero count differs


======================================================================
FAIL: test_july_catalog_prices_cover_all_registered_configuration_relationships (test_commercial_items_20260703.CommercialItems20260703Tests.test_july_catalog_prices_cover_all_registered_configuration_relationships)
----------------------------------------------------------------------
Traceback (most recent call last):
  File "/home/runner/work/Dacia-Knowledge-Base/Dacia-Knowledge-Base/tests/test_commercial_items_20260703.py", line 82, in test_july_catalog_prices_cover_all_registered_configuration_relationships
    self.assertEqual(len({row["configuration_code"] for row in july}), 39)
AssertionError: 47 != 39

======================================================================
FAIL: test_scope_inventory_maps_all_active_configurations_once (test_configuration_comparison_bundle.ConfigurationComparisonBundleTests.test_scope_inventory_maps_all_active_configurations_once)
----------------------------------------------------------------------
Traceback (most recent call last):
  File "/home/runner/work/Dacia-Knowledge-Base/Dacia-Knowledge-Base/tests/test_configuration_comparison_bundle.py", line 64, in test_scope_inventory_maps_all_active_configurations_once
    self.assertEqual(len(scopes), 19)
AssertionError: 20 != 19

======================================================================
FAIL: test_sheet_dimensions_filters_and_frozen_headers (test_configuration_comparison_workbook.ConfigurationComparisonWorkbookTests.test_sheet_dimensions_filters_and_frozen_headers)
----------------------------------------------------------------------
Traceback (most recent call last):
  File "/home/runner/work/Dacia-Knowledge-Base/Dacia-Knowledge-Base/tests/test_configuration_comparison_workbook.py", line 141, in test_sheet_dimensions_filters_and_frozen_headers
    self.assertEqual(dimension.attrib["ref"], expected)
AssertionError: 'A1:M336' != 'A1:M302'
- A1:M336
?      ^^
+ A1:M302
?      ^^


======================================================================
FAIL: test_every_configuration_occurs_once_and_pairs_stay_inside_scopes (test_cross_model_comparison_view.CrossModelComparisonViewTests.test_every_configuration_occurs_once_and_pairs_stay_inside_scopes)
----------------------------------------------------------------------
Traceback (most recent call last):
  File "/home/runner/work/Dacia-Knowledge-Base/Dacia-Knowledge-Base/tests/test_cross_model_comparison_view.py", line 124, in test_every_configuration_occurs_once_and_pairs_stay_inside_scopes
    self.assertEqual(len(codes), 72)
AssertionError: 78 != 72

======================================================================
FAIL: test_existing_mixed_sandero_stepway_scope_is_explicit_and_unchanged (test_cross_model_comparison_view.CrossModelComparisonViewTests.test_existing_mixed_sandero_stepway_scope_is_explicit_and_unchanged)
----------------------------------------------------------------------
Traceback (most recent call last):
  File "/home/runner/work/Dacia-Knowledge-Base/Dacia-Knowledge-Base/tests/test_cross_model_comparison_view.py", line 102, in test_existing_mixed_sandero_stepway_scope_is_explicit_and_unchanged
    self.assertEqual(len(mixed), 1)
AssertionError: 2 != 1

======================================================================
FAIL: test_html_is_standalone_scope_safe_and_marks_unknown_values (test_cross_model_comparison_view.CrossModelComparisonViewTests.test_html_is_standalone_scope_safe_and_marks_unknown_values)
----------------------------------------------------------------------
Traceback (most recent call last):
  File "/home/runner/work/Dacia-Knowledge-Base/Dacia-Knowledge-Base/tests/test_cross_model_comparison_view.py", line 194, in test_html_is_standalone_scope_safe_and_marks_unknown_values
    self.assertEqual(len(comparison_links), 57)
AssertionError: 60 != 57

======================================================================
FAIL: test_json_and_html_rendering_are_deterministic (test_cross_model_comparison_view.CrossModelComparisonViewTests.test_json_and_html_rendering_are_deterministic)
----------------------------------------------------------------------
Traceback (most recent call last):
  File "/home/runner/work/Dacia-Knowledge-Base/Dacia-Knowledge-Base/tests/test_cross_model_comparison_view.py", line 183, in test_json_and_html_rendering_are_deterministic
    self.assertEqual(html_text.count('class="scope-card"'), 19)
AssertionError: 20 != 19

======================================================================
FAIL: test_model_cards_have_exact_order_counts_and_price_coverage (test_cross_model_comparison_view.CrossModelComparisonViewTests.test_model_cards_have_exact_order_counts_and_price_coverage)
----------------------------------------------------------------------
Traceback (most recent call last):
  File "/home/runner/work/Dacia-Knowledge-Base/Dacia-Knowledge-Base/tests/test_cross_model_comparison_view.py", line 79, in test_model_cards_have_exact_order_counts_and_price_coverage
    self.assertEqual(model["configuration_count"], values[0])
AssertionError: 7 != 4

======================================================================
FAIL: test_summary_matches_scope_preserving_repository_baseline (test_cross_model_comparison_view.CrossModelComparisonViewTests.test_summary_matches_scope_preserving_repository_baseline)
----------------------------------------------------------------------
Traceback (most recent call last):
  File "/home/runner/work/Dacia-Knowledge-Base/Dacia-Knowledge-Base/tests/test_cross_model_comparison_view.py", line 41, in test_summary_matches_scope_preserving_repository_baseline
    self.assertEqual(
AssertionError: {'mod[41 chars]nt': 20, 'single_model_scope_count': 18, 'mixe[259 chars]alse} != {'mod[41 chars]nt': 19, 'single_model_scope_count': 18, 'mixe[259 chars]alse}
Diff is 917 characters long. Set self.maxDiff to None to see it.

======================================================================
FAIL: test_verifier_and_project_state_preserve_closure_history (test_cross_model_comparison_view_closure_review.CrossModelComparisonViewClosureReviewTests.test_verifier_and_project_state_preserve_closure_history)
----------------------------------------------------------------------
Traceback (most recent call last):
  File "/home/runner/work/Dacia-Knowledge-Base/Dacia-Knowledge-Base/tests/test_cross_model_comparison_view_closure_review.py", line 146, in test_verifier_and_project_state_preserve_closure_history
    self.assertEqual(
AssertionError: 1 != 0 : ERROR: view summary differs: reporting_scope_count


======================================================================
FAIL: test_verifier_and_project_state_preserve_historical_review (test_cross_model_comparison_view_review.CrossModelComparisonViewReviewTests.test_verifier_and_project_state_preserve_historical_review)
----------------------------------------------------------------------
Traceback (most recent call last):
  File "/home/runner/work/Dacia-Knowledge-Base/Dacia-Knowledge-Base/tests/test_cross_model_comparison_view_review.py", line 159, in test_verifier_and_project_state_preserve_historical_review
    self.assertEqual(
AssertionError: 1 != 0 : ERROR: active configuration count differs


======================================================================
FAIL: test_verifier_accepts_review (test_cross_model_navigation_usability_review.CrossModelNavigationUsabilityReviewTests.test_verifier_accepts_review)
----------------------------------------------------------------------
Traceback (most recent call last):
  File "/home/runner/work/Dacia-Knowledge-Base/Dacia-Knowledge-Base/tests/test_cross_model_navigation_usability_review.py", line 87, in test_verifier_accepts_review
    self.assertEqual(completed.returncode, 0, completed.stderr or completed.stdout)
AssertionError: 1 != 0 : ERROR: generated scope count differs


======================================================================
FAIL: test_preparation_verifier_reproduces_repository_contract (test_data_products_v1_7_0_release_preparation.DataProductsV170ReleasePreparationTests.test_preparation_verifier_reproduces_repository_contract)
----------------------------------------------------------------------
Traceback (most recent call last):
  File "/home/runner/work/Dacia-Knowledge-Base/Dacia-Knowledge-Base/tests/test_data_products_v1_7_0_release_preparation.py", line 156, in test_preparation_verifier_reproduces_repository_contract
    self.assertEqual(
AssertionError: 1 != 0 : ERROR: active configuration count differs


======================================================================
FAIL: test_verifier_and_project_state_preserve_preparation_history (test_data_products_v1_8_0_release_preparation.DataProductsV180ReleasePreparationTests.test_verifier_and_project_state_preserve_preparation_history)
----------------------------------------------------------------------
Traceback (most recent call last):
  File "/home/runner/work/Dacia-Knowledge-Base/Dacia-Knowledge-Base/tests/test_data_products_v1_8_0_release_preparation.py", line 156, in test_verifier_and_project_state_preserve_preparation_history
    self.assertEqual(completed.returncode, 0, completed.stderr or completed.stdout)
AssertionError: 1 != 0 : ERROR: complete release bundle must contain 19 independent scopes


======================================================================
FAIL: test_verifier_accepts_preflight (test_data_products_v1_8_1_preflight.DataProductsV181PreflightTests.test_verifier_accepts_preflight)
----------------------------------------------------------------------
Traceback (most recent call last):
  File "/home/runner/work/Dacia-Knowledge-Base/Dacia-Knowledge-Base/tests/test_data_products_v1_8_1_preflight.py", line 102, in test_verifier_accepts_preflight
    self.assertEqual(
AssertionError: 1 != 0 : ERROR: complete release bundle must contain 19 independent scopes


======================================================================
FAIL: test_verifier_and_project_state_preserve_preparation_history (test_data_products_v1_8_1_release_preparation.DataProductsV181ReleasePreparationTests.test_verifier_and_project_state_preserve_preparation_history)
----------------------------------------------------------------------
Traceback (most recent call last):
  File "/home/runner/work/Dacia-Knowledge-Base/Dacia-Knowledge-Base/tests/test_data_products_v1_8_1_release_preparation.py", line 148, in test_verifier_and_project_state_preserve_preparation_history
    self.assertEqual(
AssertionError: 1 != 0 : ERROR: complete release bundle must contain 19 independent scopes


======================================================================
FAIL: test_reporting_subset_remains_sandero_only (test_duster_catalog_bootstrap.DusterCatalogBootstrapTests.test_reporting_subset_remains_sandero_only)
----------------------------------------------------------------------
Traceback (most recent call last):
  File "/home/runner/work/Dacia-Knowledge-Base/Dacia-Knowledge-Base/tests/test_duster_catalog_bootstrap.py", line 153, in test_reporting_subset_remains_sandero_only
    self.assertEqual(scope["excluded_configurations"], 65)
AssertionError: 71 != 65

======================================================================
FAIL: test_model_receipt_and_project_state_advance_to_jogger (test_duster_chassis_20260726.DusterChassisTests.test_model_receipt_and_project_state_advance_to_jogger)
----------------------------------------------------------------------
Traceback (most recent call last):
  File "/home/runner/work/Dacia-Knowledge-Base/Dacia-Knowledge-Base/tests/test_duster_chassis_20260726.py", line 182, in test_model_receipt_and_project_state_advance_to_jogger
    self.assertEqual(completed.returncode, 0, completed.stderr or completed.stdout)
AssertionError: 1 != 0 : ERROR: expected eighty-eight modeled scalar chassis observations


======================================================================
FAIL: test_prices_and_reporting_scope_remain_stable (test_duster_technical_specifications.DusterTechnicalSpecificationTests.test_prices_and_reporting_scope_remain_stable)
----------------------------------------------------------------------
Traceback (most recent call last):
  File "/home/runner/work/Dacia-Knowledge-Base/Dacia-Knowledge-Base/tests/test_duster_technical_specifications.py", line 228, in test_prices_and_reporting_scope_remain_stable
    self.assertEqual(report["scope"]["excluded_configurations"], 65)
AssertionError: 71 != 65

======================================================================
FAIL: test_verifier_and_project_state_preserve_fix_history (test_equipment_filter_regression_model_price_order.EquipmentFilterRegressionModelPriceOrderTests.test_verifier_and_project_state_preserve_fix_history)
----------------------------------------------------------------------
Traceback (most recent call last):
  File "/home/runner/work/Dacia-Knowledge-Base/Dacia-Knowledge-Base/tests/test_equipment_filter_regression_model_price_order.py", line 127, in test_verifier_and_project_state_preserve_fix_history
    self.assertEqual(
AssertionError: 1 != 0 : ERROR: current configuration count differs


======================================================================
FAIL: test_model_receipt_closes_all_five_chassis_resolutions (test_jogger_chassis_20260726.JoggerChassisTests.test_model_receipt_closes_all_five_chassis_resolutions)
----------------------------------------------------------------------
Traceback (most recent call last):
  File "/home/runner/work/Dacia-Knowledge-Base/Dacia-Knowledge-Base/tests/test_jogger_chassis_20260726.py", line 157, in test_model_receipt_closes_all_five_chassis_resolutions
    self.assertEqual(completed.returncode, 0, completed.stderr or completed.stdout)
AssertionError: 1 != 0 : ERROR: expected eighty-eight modeled scalar chassis observations


======================================================================
FAIL: test_current_dimension_coverage_matches_repository (test_official_brochure_residual_evidence_review.OfficialBrochureResidualEvidenceReviewTests.test_current_dimension_coverage_matches_repository)
----------------------------------------------------------------------
Traceback (most recent call last):
  File "/home/runner/work/Dacia-Knowledge-Base/Dacia-Knowledge-Base/tests/test_official_brochure_residual_evidence_review.py", line 113, in test_current_dimension_coverage_matches_repository
    self.assertEqual(len({row["configuration_code"] for row in selected["sandero_iii"]}), 4)
AssertionError: 7 != 4

======================================================================
FAIL: test_review_verifier_and_source_closure_pass (test_official_brochure_residual_evidence_review.OfficialBrochureResidualEvidenceReviewTests.test_review_verifier_and_source_closure_pass)
----------------------------------------------------------------------
Traceback (most recent call last):
  File "/home/runner/work/Dacia-Knowledge-Base/Dacia-Knowledge-Base/tests/test_official_brochure_residual_evidence_review.py", line 171, in test_review_verifier_and_source_closure_pass
    self.assertEqual(completed.returncode, 0, completed.stderr or completed.stdout)
AssertionError: 2 != 0 : usage: review_official_brochure_residual_evidence_20260726.py [-h] --check
review_official_brochure_residual_evidence_20260726.py: error: active Sandero scope differs


======================================================================
FAIL: test_closure_verifier_and_priority_receipts_pass (test_official_brochure_technical_gap_resolution_closure.OfficialBrochureTechnicalGapResolutionClosureTests.test_closure_verifier_and_priority_receipts_pass)
----------------------------------------------------------------------
Traceback (most recent call last):
  File "/home/runner/work/Dacia-Knowledge-Base/Dacia-Knowledge-Base/tests/test_official_brochure_technical_gap_resolution_closure.py", line 179, in test_closure_verifier_and_priority_receipts_pass
    self.assertEqual(completed.returncode, 0, completed.stderr or completed.stdout)
AssertionError: 2 != 0 : usage: review_official_brochure_technical_gap_resolution_closure_20260726.py
       [-h] --check
review_official_brochure_technical_gap_resolution_closure_20260726.py: error: expected exactly 1118 brochure scalar values


======================================================================
FAIL: test_current_brochure_scalar_and_range_coverage_is_exact (test_official_brochure_technical_gap_resolution_closure.OfficialBrochureTechnicalGapResolutionClosureTests.test_current_brochure_scalar_and_range_coverage_is_exact)
----------------------------------------------------------------------
Traceback (most recent call last):
  File "/home/runner/work/Dacia-Knowledge-Base/Dacia-Knowledge-Base/tests/test_official_brochure_technical_gap_resolution_closure.py", line 97, in test_current_brochure_scalar_and_range_coverage_is_exact
    self.assertEqual(
AssertionError: Count[92 chars]c_pl_sandero_brochure_20260202': 210, 'src_pl_[77 chars]150}) != Count[92 chars]c_pl_bigster_brochure_20251210': 180, 'src_pl_[76 chars] 72})

======================================================================
FAIL: test_current_brochure_coverage_is_unchanged (test_official_brochure_technical_gap_review.OfficialBrochureTechnicalGapReviewTests.test_current_brochure_coverage_is_unchanged)
----------------------------------------------------------------------
Traceback (most recent call last):
  File "/home/runner/work/Dacia-Knowledge-Base/Dacia-Knowledge-Base/tests/test_official_brochure_technical_gap_review.py", line 68, in test_current_brochure_coverage_is_unchanged
    self.assertEqual(counts["elasticity_80_120"], 70)
AssertionError: 85 != 70

======================================================================
FAIL: test_review_verifier_reproduces_repository_contract (test_official_brochure_technical_gap_review.OfficialBrochureTechnicalGapReviewTests.test_review_verifier_reproduces_repository_contract)
----------------------------------------------------------------------
Traceback (most recent call last):
  File "/home/runner/work/Dacia-Knowledge-Base/Dacia-Knowledge-Base/tests/test_official_brochure_technical_gap_review.py", line 182, in test_review_verifier_reproduces_repository_contract
    self.assertEqual(completed.returncode, 0, completed.stderr or completed.stdout)
AssertionError: 2 != 0 : usage: review_official_brochure_technical_gaps_20260726.py [-h] --check
review_official_brochure_technical_gaps_20260726.py: error: brochure cargo baseline differs


======================================================================
FAIL: test_priority_verifier_reproduces_repository_contract (test_post_brochure_priority_selection_review.PostBrochurePrioritySelectionReviewTests.test_priority_verifier_reproduces_repository_contract)
----------------------------------------------------------------------
Traceback (most recent call last):
  File "/home/runner/work/Dacia-Knowledge-Base/Dacia-Knowledge-Base/tests/test_post_brochure_priority_selection_review.py", line 246, in test_priority_verifier_reproduces_repository_contract
    self.assertEqual(
AssertionError: 1 != 0 : ERROR: active configuration count differs


======================================================================
FAIL: test_verifier_and_project_state_preserve_selection_history (test_post_cross_model_priority_selection_review.PostCrossModelPrioritySelectionReviewTests.test_verifier_and_project_state_preserve_selection_history)
----------------------------------------------------------------------
Traceback (most recent call last):
  File "/home/runner/work/Dacia-Knowledge-Base/Dacia-Knowledge-Base/tests/test_post_cross_model_priority_selection_review.py", line 143, in test_verifier_and_project_state_preserve_selection_history
    self.assertEqual(
AssertionError: 1 != 0 : ERROR: complete release bundle must contain 19 independent scopes


======================================================================
FAIL: test_import_contract_check_passes (test_sandero_stepway_brochure_cargo_20260725.SanderoStepwayBrochureCargoTests.test_import_contract_check_passes)
----------------------------------------------------------------------
Traceback (most recent call last):
  File "/home/runner/work/Dacia-Knowledge-Base/Dacia-Knowledge-Base/tests/test_sandero_stepway_brochure_cargo_20260725.py", line 72, in test_import_contract_check_passes
    self.assertEqual(completed.returncode, 0, completed.stdout + completed.stderr)
AssertionError: 1 != 0 : ERROR: expected nine Sandero configurations


======================================================================
FAIL: test_model_receipt_and_project_state_advance (test_sandero_stepway_chassis_20260726.SanderoStepwayChassisTests.test_model_receipt_and_project_state_advance)
----------------------------------------------------------------------
Traceback (most recent call last):
  File "/home/runner/work/Dacia-Knowledge-Base/Dacia-Knowledge-Base/tests/test_sandero_stepway_chassis_20260726.py", line 169, in test_model_receipt_and_project_state_advance
    self.assertEqual(completed.returncode, 0, completed.stderr or completed.stdout)
AssertionError: 1 != 0 : ERROR: expected eighty-eight modeled scalar chassis observations


======================================================================
FAIL: test_version_highlights_expand_to_24_exact_standard_observations (test_sandero_stepway_official_web_20260723.SanderoStepwayOfficialWeb20260723Tests.test_version_highlights_expand_to_24_exact_standard_observations)
----------------------------------------------------------------------
Traceback (most recent call last):
  File "/home/runner/work/Dacia-Knowledge-Base/Dacia-Knowledge-Base/tests/test_sandero_stepway_official_web_20260723.py", line 95, in test_version_highlights_expand_to_24_exact_standard_observations
    self.assertEqual(
AssertionError: Items in the second set but not the first:
('sandero_stepway_iii_expression_ecog120_automatic', 'modular_roof_rails')
('sandero_stepway_iii_essential_ecog120_manual', 'my_safety_button')
('sandero_stepway_iii_expression_ecog120_manual', 'modular_roof_rails')
('sandero_stepway_iii_essential_ecog120_manual', 'roof_rails')

----------------------------------------------------------------------
Ran 1058 tests in 47.944s

FAILED (failures=49, errors=1)
Building SQLite database: /tmp/tmpq3ex9cg8/test.sqlite
Source directory: /tmp/tmpq3ex9cg8/data/master
  data/master/attributes.csv -> attributes: 1 rows
  data/master/models.csv -> models: 2 rows
Database ready: /tmp/tmpq3ex9cg8/test.sqlite
Building SQLite database: /tmp/tmplmchf_bn/test.sqlite
Source directory: /tmp/tmplmchf_bn/data/master
  data/master/attributes.csv -> attributes: 1 rows
  data/master/models.csv -> models: 2 rows
Database ready: /tmp/tmplmchf_bn/test.sqlite
Building SQLite database: /tmp/tmp4a425rz8/test.sqlite
Source directory: /tmp/tmp4a425rz8/data/master
  data/master/attributes.csv -> attributes: 1 rows
  data/master/models.csv -> models: 2 rows
Database ready: /tmp/tmp4a425rz8/test.sqlite
Building SQLite database: /tmp/tmpgag_hef6/test.sqlite
Source directory: /tmp/tmpgag_hef6/data/master
  data/master/attributes.csv -> attributes: 1 rows
  data/master/models.csv -> models: 2 rows
Database ready: /tmp/tmpgag_hef6/test.sqlite
Building SQLite database: /tmp/tmpuepufu5g/test.sqlite
Source directory: /tmp/tmpuepufu5g/data/master
  data/master/attributes.csv -> attributes: 1 rows
  data/master/models.csv -> models: 2 rows
Database ready: /tmp/tmpuepufu5g/test.sqlite
Building SQLite database: /tmp/tmpo2m_dm50/test.sqlite
Source directory: /tmp/tmpo2m_dm50/data/master
  data/master/attributes.csv -> attributes: 1 rows
  data/master/models.csv -> models: 2 rows
Database ready: /tmp/tmpo2m_dm50/test.sqlite
